Microchip MPLAB XC8 Compiler V2.45

Linker command line:

-W-3 \
  --edf=C:/Users/bigAdmin/.mchp_packs/Microchip/PIC18Fxxxx_DFP/1.6.159/xc8\pic\dat\20231017163449_en.msgs \
  -cn -h+dist/default/production\IR_BLE_Buzzer.X.production.sym \
  --cmf=dist/default/production\IR_BLE_Buzzer.X.production.cmf -z -Q18F4620 \
  -oC:\Users\bigAdmin\AppData\Local\Temp\xcAs7vc.\driver_tmp_3.o \
  --defsym=__MPLAB_BUILD=1 --fixupoverflow=error \
  -Mdist/default/production/IR_BLE_Buzzer.X.production.map \
  --md=C:\Users\bigAdmin\AppData\Local\Temp\xcAs7vc.\driver_tmp_0.dat -E1 \
  -ver=XC8 Compiler --acfsm=1493 -ACODE=00h-0FFFFh -ACONST=00h-0FFFFh \
  -ASMALLCONST=01000h-010FFhx240 -AMEDIUMCONST=01000h-0FFFFh \
  -ACOMRAM=01h-07Fh -AABS1=00h-0F7Fh -ABIGRAM=01h-0F7Fh \
  -ARAM=080h-0FFh,0100h-01FFhx14,0F00h-0F7Fh -ABANK0=080h-0FFh \
  -ABANK1=0100h-01FFh -ABANK2=0200h-02FFh -ABANK3=0300h-03FFh \
  -ABANK4=0400h-04FFh -ABANK5=0500h-05FFh -ABANK6=0600h-06FFh \
  -ABANK7=0700h-07FFh -ABANK8=0800h-08FFh -ABANK9=0900h-09FFh \
  -ABANK10=0A00h-0AFFh -ABANK11=0B00h-0BFFh -ABANK12=0C00h-0CFFh \
  -ABANK13=0D00h-0DFFh -ABANK14=0E00h-0EFFh -ABANK15=0F00h-0F7Fh \
  -ASFR=0F80h-0FFFh -ABIGSFR=0F80h-0FFFh -ACONFIG=0300000h-030000Dh \
  -AIDLOC=0200000h-0200007h -AEEDATA=0F00000h-0F003FFh -peeprom_data=EEDATA \
  -preset_vec=00h,intcode=08h,intcodelo,powerup,init -pramtop=01000h \
  -psmallconst=SMALLCONST -pmediumconst=MEDIUMCONST -pconst=CONST \
  -AFARRAM=00h-00h \
  -prdata=COMRAM,nvrram=COMRAM,nvbit=COMRAM,rbss=COMRAM,rbit=COMRAM \
  -pfarbss=FARRAM,fardata=FARRAM,nvFARRAM=FARRAM \
  -pintsave_regs=BIGRAM,bigbss=BIGRAM,bigdata=BIGRAM -pbss=RAM \
  -pidata=CODE,irdata=CODE,ibigdata=CODE,ifardata=CODE -prparam=COMRAM \
  C:\Users\bigAdmin\AppData\Local\Temp\xcAs7vc.\driver_tmp_14.o \
  dist/default/production\IR_BLE_Buzzer.X.production.o 

Object code version is 3.11

Machine type is 18F4620



                Name                               Link     Load   Length Selector   Space Scale
C:\Users\bigAdmin\AppData\Local\Temp\xcAs7vc.\driver_tmp_14.o
                config                           300000   300000        E        0       4
                init                                  E        E        4        4       0
                reset_vec                             0        0        4        0       0
dist/default/production\IR_BLE_Buzzer.X.production.o
                intcode                               8        8        6        4       0
                config                           300000   300000        E        0       4
                temp                                 7F       7F        1        1       1
                mediumconst                        FD4E     FD4E      2B2     7EA7       0
                intcode_body                       78AC     78AC       2C        4       0
                text72                             6638     6638      106        4       0
                text71                             77DE     77DE       38        4       0
                text70                             2D66     2D66      4C0        4       0
                text69                             76A8     76A8       46        4       0
                text68                             3EDC     3EDC      39A        4       0
                text67                             3AB2     3AB2      42A        4       0
                text66                             560C     560C      1B4        4       0
                text65                             683C     683C       FE        4       0
                text64                             3226     3226      45A        4       0
                text63                             7732     7732       3C        4       0
                text62                             6C9C     6C9C       C4        4       0
                text61                             6ED6     6ED6       B0        4       0
                text60                             6F86     6F86       AA        4       0
                text59                             6532     6532      106        4       0
                text58                             673E     673E       FE        4       0
                text57                             4E82     4E82      212        4       0
                text56                             760E     760E       50        4       0
                text55                             79CA     79CA        2        4       0
                text54                             6BD2     6BD2       CA        4       0
                text53                             76EE     76EE       44        4       0
                text52                             7816     7816       36        4       0
                text51                             6E1C     6E1C       BA        4       0
                text50                             77A6     77A6       38        4       0
                text49                             2096     2096      CD0        4       0
                text48                             6A2A     6A2A       D8        4       0
                text47                             5CB8     5CB8      188        4       0
                text46                             5E40     5E40      164        4       0
                text45                             784C     784C       34        4       0
                text44                             4504     4504      28E        4       0
                text43                             75B8     75B8       56        4       0
                text42                             1282     1282      E14        4       0
                text41                             543C     543C      1D0        4       0
                text40                             792C     792C       26        4       0
                text39                             6D60     6D60       BC        4       0
                text38                             5972     5972      1AA        4       0
                text37                             693A     693A       F0        4       0
                text36                             6B02     6B02       D0        4       0
                text35                             5094     5094      1D8        4       0
                text34                             4792     4792      26C        4       0
                text33                               12       12     1270        4       0
                text32                             744C     744C       62        4       0
                text31                             60D6     60D6      11C        4       0
                text30                             776E     776E       38        4       0
                text29                             72F6     72F6       78        4       0
                text28                             49FE     49FE      258        4       0
                text27                             765E     765E       4A        4       0
                text26                             526C     526C      1D0        4       0
                text25                             79C4     79C4        6        4       0
                text24                             3680     3680      432        4       0
                text23                             7970     7970       1E        4       0
                text22                             57C0     57C0      1B2        4       0
                text21                             7560     7560       58        4       0
                text20                             71F6     71F6       88        4       0
                text19                             736E     736E       74        4       0
                text18                             630A     630A      116        4       0
                text17                             4276     4276      28E        4       0
                text16                             7952     7952       1E        4       0
                text15                             5B1C     5B1C      19C        4       0
                text14                             79A6     79A6       16        4       0
                text13                             73E2     73E2       6A        4       0
                text12                             61F2     61F2      118        4       0
                text11                             5FA4     5FA4      132        4       0
                text10                             727E     727E       78        4       0
                text9                              7166     7166       90        4       0
                text8                              6420     6420      112        4       0
                text7                              7880     7880       2C        4       0
                text6                              70D4     70D4       92        4       0
                text5                              7902     7902       2A        4       0
                text4                              7030     7030       A4        4       0
                text3                              7508     7508       58        4       0
                text2                              78D8     78D8       2A        4       0
                text1                              798E     798E       18        4       0
                text0                              4C56     4C56      22C        4       0
                cstackCOMRAM                          1        1       7E        1       1
                cstackBANK0                          80       80       7F       80       1
                cstackBANK1                         1C0      1C0       3E      100       1
                cstackBANK2                         200      200      100      200       1
                bssBANK4                            400      400      100      400       1
                dataBANK3                           370      370        8      300       1
                bssBANK3                            300      300       70      300       1
                bssBANK1                            100      100       C0      100       1
                cinit                              74AE     74AE       5A        4       0
                idataBANK3                         79BC     79BC        8        4       0

TOTAL           Name                               Link     Load   Length     Space
        CLASS   CODE           
                intcode                               8        8        6         0
                init                                  E        E        4         0
                reset_vec                             0        0        4         0
                intcode_body                       78AC     78AC       2C         0
                text72                             6638     6638      106         0
                text71                             77DE     77DE       38         0
                text70                             2D66     2D66      4C0         0
                text69                             76A8     76A8       46         0
                text68                             3EDC     3EDC      39A         0
                text67                             3AB2     3AB2      42A         0
                text66                             560C     560C      1B4         0
                text65                             683C     683C       FE         0
                text64                             3226     3226      45A         0
                text63                             7732     7732       3C         0
                text62                             6C9C     6C9C       C4         0
                text61                             6ED6     6ED6       B0         0
                text60                             6F86     6F86       AA         0
                text59                             6532     6532      106         0
                text58                             673E     673E       FE         0
                text57                             4E82     4E82      212         0
                text56                             760E     760E       50         0
                text55                             79CA     79CA        2         0
                text54                             6BD2     6BD2       CA         0
                text53                             76EE     76EE       44         0
                text52                             7816     7816       36         0
                text51                             6E1C     6E1C       BA         0
                text50                             77A6     77A6       38         0
                text49                             2096     2096      CD0         0
                text48                             6A2A     6A2A       D8         0
                text47                             5CB8     5CB8      188         0
                text46                             5E40     5E40      164         0
                text45                             784C     784C       34         0
                text44                             4504     4504      28E         0
                text43                             75B8     75B8       56         0
                text42                             1282     1282      E14         0
                text41                             543C     543C      1D0         0
                text40                             792C     792C       26         0
                text39                             6D60     6D60       BC         0
                text38                             5972     5972      1AA         0
                text37                             693A     693A       F0         0
                text36                             6B02     6B02       D0         0
                text35                             5094     5094      1D8         0
                text34                             4792     4792      26C         0
                text33                               12       12     1270         0
                text32                             744C     744C       62         0
                text31                             60D6     60D6      11C         0
                text30                             776E     776E       38         0
                text29                             72F6     72F6       78         0
                text28                             49FE     49FE      258         0
                text27                             765E     765E       4A         0
                text26                             526C     526C      1D0         0
                text25                             79C4     79C4        6         0
                text24                             3680     3680      432         0
                text23                             7970     7970       1E         0
                text22                             57C0     57C0      1B2         0
                text21                             7560     7560       58         0
                text20                             71F6     71F6       88         0
                text19                             736E     736E       74         0
                text18                             630A     630A      116         0
                text17                             4276     4276      28E         0
                text16                             7952     7952       1E         0
                text15                             5B1C     5B1C      19C         0
                text14                             79A6     79A6       16         0
                text13                             73E2     73E2       6A         0
                text12                             61F2     61F2      118         0
                text11                             5FA4     5FA4      132         0
                text10                             727E     727E       78         0
                text9                              7166     7166       90         0
                text8                              6420     6420      112         0
                text7                              7880     7880       2C         0
                text6                              70D4     70D4       92         0
                text5                              7902     7902       2A         0
                text4                              7030     7030       A4         0
                text3                              7508     7508       58         0
                text2                              78D8     78D8       2A         0
                text1                              798E     798E       18         0
                text0                              4C56     4C56      22C         0
                cinit                              74AE     74AE       5A         0
                idataBANK3                         79BC     79BC        8         0

        CLASS   CONST          

        CLASS   SMALLCONST     

        CLASS   MEDIUMCONST    
                mediumconst                        FD4E     FD4E      2B2         0

        CLASS   COMRAM         
                temp                                 7F       7F        1         1
                cstackCOMRAM                          1        1       7E         1

        CLASS   ABS1           

        CLASS   BIGRAM         

        CLASS   RAM            

        CLASS   BANK0          
                cstackBANK0                          80       80       7F         1

        CLASS   BANK1          
                cstackBANK1                         1C0      1C0       3E         1
                bssBANK1                            100      100       C0         1

        CLASS   BANK2          
                cstackBANK2                         200      200      100         1

        CLASS   BANK3          
                dataBANK3                           370      370        8         1
                bssBANK3                            300      300       70         1

        CLASS   BANK4          
                bssBANK4                            400      400      100         1

        CLASS   BANK5          

        CLASS   BANK6          

        CLASS   BANK7          

        CLASS   BANK8          

        CLASS   BANK9          

        CLASS   BANK10         

        CLASS   BANK11         

        CLASS   BANK12         

        CLASS   BANK13         

        CLASS   BANK14         

        CLASS   BANK15         

        CLASS   SFR            

        CLASS   BIGSFR         

        CLASS   CONFIG         
                config                           300000   300000        E         4

        CLASS   IDLOC          

        CLASS   EEDATA         

        CLASS   FARRAM         

        CLASS   HEAP           

        CLASS   STACK          



SEGMENTS        Name                           Load    Length   Top    Selector   Space  Class

                reset_vec                      000000  000004  000004         0       0  CODE    
                cstackCOMRAM                   000001  00007F  000080         1       1  COMRAM  
                intcode                        000008  0079C4  0079CC         4       0  CODE    
                cstackBANK0                    000080  00007F  0000FF        80       1  BANK0   
                bssBANK1                       000100  0000FE  0001FE       100       1  BANK1   
                cstackBANK2                    000200  000100  000300       200       1  BANK2   
                bssBANK3                       000300  000078  000378       300       1  BANK3   
                bssBANK4                       000400  000100  000500       400       1  BANK4   
                mediumconst                    00FD4E  0002B2  010000      7EA7       0  MEDIUMCO


UNUSED ADDRESS RANGES

        Name                Unused          Largest block    Delta
        BANK0            0000FF-0000FF                1
        BANK1            0001FE-0001FF                2
        BANK10           000A00-000AFF              100
        BANK11           000B00-000BFF              100
        BANK12           000C00-000CFF              100
        BANK13           000D00-000DFF              100
        BANK14           000E00-000EFF              100
        BANK15           000F00-000F7F               80
        BANK3            000378-0003FF               88
        BANK5            000500-0005FF              100
        BANK6            000600-0006FF              100
        BANK7            000700-0007FF              100
        BANK8            000800-0008FF              100
        BANK9            000900-0009FF              100
        BIGRAM           0000FF-0000FF                1
                         0001FE-0001FF                2
                         000378-0003FF               88
                         000500-000F7F              A80
        BIGSFR           000F80-000FFF               80
        CODE             000004-000007                4
                         0079CC-00FD4D             8382
        CONST            000004-000007                4
                         0079CC-00FD4D             8382
        EEDATA           F00000-F003FF              400
        IDLOC            200000-200007                8
        MEDIUMCONST      0079CC-00FD4D             8382
        RAM              0000FF-0000FF                1
                         0001FE-0001FF                2
                         000378-0003FF               88
                         000500-000F7F              100
        SFR              000F80-000FFF               80
        SMALLCONST       0079CC-00FD4D              100

                                  Symbol Table

?_UART1_SendFormatted             cstackBANK1  0001D0
?___aodiv                         cstackCOMRAM 000001
?___aomod                         cstackCOMRAM 000001
?___awdiv                         cstackCOMRAM 000001
?___awmod                         cstackCOMRAM 000001
?___fladd                         cstackCOMRAM 000056
?___fldiv                         cstackCOMRAM 000024
?___flmul                         cstackCOMRAM 00003D
?___flneg                         cstackCOMRAM 000001
?___flsub                         cstackCOMRAM 000074
?___fltol                         cstackCOMRAM 000066
?___fpclassifyf                   cstackCOMRAM 000001
?___lldiv                         cstackCOMRAM 000001
?___llmod                         cstackCOMRAM 00000D
?___lmul                          cstackCOMRAM 000001
?___lodiv                         cstackCOMRAM 000001
?___lomod                         cstackCOMRAM 000001
?___wmul                          cstackCOMRAM 000001
?___xxtofl                        cstackCOMRAM 000016
?_abs                             cstackCOMRAM 000013
?_atoa                            cstackBANK0  000090
?_ctoa                            cstackCOMRAM 00000A
?_dtoa                            cstackCOMRAM 00001B
?_efgtoa                          cstackBANK0  000090
?_exp                             cstackCOMRAM 000066
?_fabs                            cstackBANK0  000080
?_floorf                          cstackCOMRAM 00003D
?_labs                            cstackCOMRAM 000001
?_micros                          cstackCOMRAM 000001
?_millis                          cstackCOMRAM 000001
?_otoa                            cstackCOMRAM 00001A
?_pad                             cstackCOMRAM 000011
?_read_prec_or_width              cstackCOMRAM 000007
?_stoa                            cstackCOMRAM 00000A
?_strlen                          cstackCOMRAM 000001
?_utoa                            cstackCOMRAM 00001A
?_vfpfcnvrt                       cstackBANK0  0000CA
?_vfprintf                        cstackBANK0  0000E8
?_xtoa                            cstackCOMRAM 00001A
AbsorptionCoefficentCalc@i        cstackBANK0  0000A0
AbsorptionCoefficentCalc@j        cstackBANK0  0000A2
ConfigurationCheck@startTime      cstackBANK1  0001F4
GetTimerVal@i                     cstackCOMRAM 00007C
HeartRateCalc@i                   cstackCOMRAM 00007C
LEDChangeState@State              cstackCOMRAM 000003
MinMaxValReset@i                  cstackCOMRAM 000003
OxygenSPO2Calc@i                  cstackBANK0  0000AC
TimerPeriodCheck@i                cstackBANK0  000090
UART1_Init@baud_rate              cstackCOMRAM 00000E
UART1_Send@data                   cstackCOMRAM 000001
UART1_SendFormatted@args          cstackBANK0  0000F9
UART1_SendFormatted@buffer        cstackBANK2  000200
UART1_SendFormatted@format        cstackBANK1  0001D0
_AbsorptionCoefficentCalc         text64       003226
_AbsorptionCoefficentCalc$1713    cstackBANK0  000098
_AbsorptionCoefficentCalc$1714    cstackBANK0  00009C
_Absorption_Coefficents           bssBANK1     000150
_ConfigurationCheck               text10       00727E
_DataPrinting                     text28       0049FE
_DataPrinting$1715                cstackBANK1  0001EC
_DataPrinting$1716                cstackBANK1  0001F0
_DataPrinting$1717                cstackBANK1  0001F4
_DataPrinting$1718                cstackBANK1  0001F8
_DetectorTest                     text15       005B1C
_DeviceInitialization             text8        006420
_FormatForPrint                   text7        007880
_GIE                              (abs)        007F97
_GetTimerVal                      text17       004276
_HR_Hysteresis                    bssBANK1     0001B7
_HR_val                           bssBANK1     0001BC
_Heart                            dataBANK3    000370
_HeartRateCalc                    text26       00526C
_Heart_Rate_Count                 bssBANK1     00019C
_LATB                             (abs)        000F8A
_LEDChangeState                   text21       007560
_LED_Color                        bssBANK1     0001B3
_Last_beta                        bssBANK4     000400
_Measured_Period                  bssBANK1     000184
_MinMaxValReset                   text6        0070D4
_OSCCON                           (abs)        000FD3
_OSC_Init                         text25       0079C4
_OxygenSPO2Calc                   text24       003680
_OxygenSPO2Calc$1719              cstackBANK0  000090
_OxygenSPO2Calc$1720              cstackBANK0  000094
_OxygenSPO2Calc$1721              cstackBANK0  000098
_OxygenSPO2Calc$1722              cstackBANK0  00009C
_OxygenSPO2Calc$1723              cstackBANK0  0000A0
_OxygenSPO2Calc$1724              cstackBANK0  0000A4
_OxygenSPO2Calc$1725              cstackBANK0  0000A8
_PEIE                             (abs)        007F96
_PORTBbits                        (abs)        000F81
_PORTEbits                        (abs)        000F84
_PeakTime                         bssBANK1     000158
_Period                           bssBANK1     0001B2
_PeriodEndCount                   bssBANK1     0001B5
_PrintNoData                      text23       007970
_R                                bssBANK1     0001B8
_RCSTA1bits                       (abs)        000FAB
_RangeCountover                   bssBANK1     0001B4
_Reset_MCLR                       text14       0079A6
_ResistorAdjust                   text12       0061F2
_SPBRG1                           (abs)        000FAF
_SPO2_OxyLevelArray               bssBANK1     000138
_Setting                          text11       005FA4
_SpO2_Hysteresis                  bssBANK1     0001B6
_SpO2_value                       bssBANK1     0001A4
_StartPrinting                    text5        007902
_StartTime                        bssBANK1     000180
_T1CON                            (abs)        000FCD
_T1CONbits                        (abs)        000FCD
_TMR1H                            (abs)        000FCF
_TMR1IE                           (abs)        007CE8
_TMR1IF                           (abs)        007CF0
_TMR1L                            (abs)        000FCE
_TRISB                            (abs)        000F93
_TRISC6                           (abs)        007CA6
_TRISC7                           (abs)        007CA7
_TXREG1                           (abs)        000FAD
_TXSTA1bits                       (abs)        000FAC
_Timer                            bssBANK1     000100
_TimerPeriodCheck                 text22       0057C0
_TimerStart                       bssBANK1     000190
_Timer_HeartRateArray             bssBANK1     000168
_Timer_val_max                    bssBANK1     000178
_Timer_val_min                    bssBANK1     00017C
_Tm_prev                          bssBANK1     000198
_Tmi                              bssBANK1     000160
_UART1_Init                       text3        007508
_UART1_Send                       text63       007732
_UART1_SendFormatted              text30       00776E
_WaitPeriod                       text18       00630A
_WaitReleaseSW1                   text16       007952
__HRAM                            (abs)        000000
__H__absolute__                   __absolute__ 000000
__Habs1                           abs1         000000
__Hbank0                          bank0        000000
__Hbank1                          bank1        000000
__Hbank10                         bank10       000000
__Hbank11                         bank11       000000
__Hbank12                         bank12       000000
__Hbank13                         bank13       000000
__Hbank14                         bank14       000000
__Hbank15                         bank15       000000
__Hbank2                          bank2        000000
__Hbank3                          bank3        000000
__Hbank4                          bank4        000000
__Hbank5                          bank5        000000
__Hbank6                          bank6        000000
__Hbank7                          bank7        000000
__Hbank8                          bank8        000000
__Hbank9                          bank9        000000
__Hbigbss                         bigbss       000000
__Hbigdata                        bigdata      000000
__Hbigram                         bigram       000000
__Hbigsfr                         bigsfr       000000
__Hbss                            bss          000000
__HbssBANK1                       bssBANK1     000000
__HbssBANK3                       bssBANK3     000000
__HbssBANK4                       bssBANK4     000000
__Hcinit                          cinit        000000
__Hclrtext                        clrtext      000000
__Hcomram                         comram       000000
__Hconfig                         config       30000E
__Hconst                          const        000000
__HcstackBANK0                    cstackBANK0  000000
__HcstackBANK1                    cstackBANK1  000000
__HcstackBANK2                    cstackBANK2  000000
__HcstackCOMRAM                   cstackCOMRAM 000000
__Hdata                           data         000000
__HdataBANK3                      dataBANK3    000000
__Heeprom_data                    eeprom_data  000000
__Hfarbss                         farbss       000000
__Hfardata                        fardata      000000
__Hheap                           heap         000000
__Hibigdata                       ibigdata     000000
__Hidata                          idata        000000
__HidataBANK3                     idataBANK3   000000
__Hidloc                          idloc        000000
__Hifardata                       ifardata     000000
__Hinit                           init         000012
__Hintcode                        intcode      00000E
__Hintcode_body                   intcode_body 000000
__Hintcodelo                      intcodelo    00000E
__Hintentry                       intentry     000000
__Hintret                         intret       000000
__Hintsave_regs                   intsave_regs 000000
__Hirdata                         irdata       000000
__Hmediumconst                    mediumconst  010000
__HnvFARRAM                       nvFARRAM     000000
__Hnvbit                          nvbit        000000
__Hnvrram                         nvrram       000000
__Hparam                          rparam       000000
__Hpowerup                        powerup      00000E
__Hram                            ram          000000
__Hramtop                         ramtop       001000
__Hrbit                           rbit         000000
__Hrbss                           rbss         000000
__Hrdata                          rdata        000000
__Hreset_vec                      reset_vec    000004
__Hrparam                         rparam       000000
__Hsfr                            sfr          000000
__Hsmallconst                     smallconst   000000
__Hspace_0                        (abs)        010000
__Hspace_1                        (abs)        000500
__Hspace_2                        (abs)        000000
__Hspace_4                        (abs)        60000E
__Hstack                          stack        000000
__Hstruct                         struct       000000
__Htemp                           temp         000080
__Htext                           text         000000
__Htext0                          text0        000000
__Htext1                          text1        000000
__Htext10                         text10       000000
__Htext11                         text11       000000
__Htext12                         text12       000000
__Htext13                         text13       000000
__Htext14                         text14       000000
__Htext15                         text15       000000
__Htext16                         text16       000000
__Htext17                         text17       000000
__Htext18                         text18       000000
__Htext19                         text19       000000
__Htext2                          text2        000000
__Htext20                         text20       000000
__Htext21                         text21       000000
__Htext22                         text22       000000
__Htext23                         text23       000000
__Htext24                         text24       000000
__Htext25                         text25       000000
__Htext26                         text26       000000
__Htext27                         text27       000000
__Htext28                         text28       000000
__Htext29                         text29       000000
__Htext3                          text3        000000
__Htext30                         text30       000000
__Htext31                         text31       000000
__Htext32                         text32       000000
__Htext33                         text33       000000
__Htext34                         text34       000000
__Htext35                         text35       000000
__Htext36                         text36       000000
__Htext37                         text37       000000
__Htext38                         text38       000000
__Htext39                         text39       000000
__Htext4                          text4        000000
__Htext40                         text40       000000
__Htext41                         text41       000000
__Htext42                         text42       000000
__Htext43                         text43       000000
__Htext44                         text44       000000
__Htext45                         text45       000000
__Htext46                         text46       000000
__Htext47                         text47       000000
__Htext48                         text48       000000
__Htext49                         text49       000000
__Htext5                          text5        000000
__Htext50                         text50       000000
__Htext51                         text51       000000
__Htext52                         text52       000000
__Htext53                         text53       000000
__Htext54                         text54       000000
__Htext55                         text55       000000
__Htext56                         text56       000000
__Htext57                         text57       000000
__Htext58                         text58       000000
__Htext59                         text59       000000
__Htext6                          text6        000000
__Htext60                         text60       000000
__Htext61                         text61       000000
__Htext62                         text62       000000
__Htext63                         text63       000000
__Htext64                         text64       000000
__Htext65                         text65       000000
__Htext66                         text66       000000
__Htext67                         text67       000000
__Htext68                         text68       000000
__Htext69                         text69       000000
__Htext7                          text7        000000
__Htext70                         text70       000000
__Htext71                         text71       000000
__Htext72                         text72       000000
__Htext8                          text8        000000
__Htext9                          text9        000000
__LRAM                            (abs)        000001
__L__absolute__                   __absolute__ 000000
__Labs1                           abs1         000000
__Lbank0                          bank0        000000
__Lbank1                          bank1        000000
__Lbank10                         bank10       000000
__Lbank11                         bank11       000000
__Lbank12                         bank12       000000
__Lbank13                         bank13       000000
__Lbank14                         bank14       000000
__Lbank15                         bank15       000000
__Lbank2                          bank2        000000
__Lbank3                          bank3        000000
__Lbank4                          bank4        000000
__Lbank5                          bank5        000000
__Lbank6                          bank6        000000
__Lbank7                          bank7        000000
__Lbank8                          bank8        000000
__Lbank9                          bank9        000000
__Lbigbss                         bigbss       000000
__Lbigdata                        bigdata      000000
__Lbigram                         bigram       000000
__Lbigsfr                         bigsfr       000000
__Lbss                            bss          000000
__LbssBANK1                       bssBANK1     000000
__LbssBANK3                       bssBANK3     000000
__LbssBANK4                       bssBANK4     000000
__Lcinit                          cinit        000000
__Lclrtext                        clrtext      000000
__Lcomram                         comram       000000
__Lconfig                         config       000000
__Lconst                          const        000000
__LcstackBANK0                    cstackBANK0  000000
__LcstackBANK1                    cstackBANK1  000000
__LcstackBANK2                    cstackBANK2  000000
__LcstackCOMRAM                   cstackCOMRAM 000000
__Ldata                           data         000000
__LdataBANK3                      dataBANK3    000000
__Leeprom_data                    eeprom_data  000000
__Lfarbss                         farbss       000000
__Lfardata                        fardata      000000
__Lheap                           heap         000000
__Libigdata                       ibigdata     000000
__Lidata                          idata        000000
__LidataBANK3                     idataBANK3   000000
__Lidloc                          idloc        000000
__Lifardata                       ifardata     000000
__Linit                           init         00000E
__Lintcode                        intcode      000008
__Lintcode_body                   intcode_body 000000
__Lintcodelo                      intcodelo    00000E
__Lintentry                       intentry     000000
__Lintret                         intret       000000
__Lintsave_regs                   intsave_regs 000000
__Lirdata                         irdata       000000
__Lmediumconst                    mediumconst  00FD4E
__LnvFARRAM                       nvFARRAM     000000
__Lnvbit                          nvbit        000000
__Lnvrram                         nvrram       000000
__Lparam                          rparam       000000
__Lpowerup                        powerup      00000E
__Lram                            ram          000000
__Lramtop                         ramtop       001000
__Lrbit                           rbit         000000
__Lrbss                           rbss         000000
__Lrdata                          rdata        000000
__Lreset_vec                      reset_vec    000000
__Lrparam                         rparam       000000
__Lsfr                            sfr          000000
__Lsmallconst                     smallconst   000000
__Lspace_0                        (abs)        000000
__Lspace_1                        (abs)        000000
__Lspace_2                        (abs)        000000
__Lspace_4                        (abs)        000000
__Lstack                          stack        000000
__Lstruct                         struct       000000
__Ltemp                           temp         00007F
__Ltext                           text         000000
__Ltext0                          text0        000000
__Ltext1                          text1        000000
__Ltext10                         text10       000000
__Ltext11                         text11       000000
__Ltext12                         text12       000000
__Ltext13                         text13       000000
__Ltext14                         text14       000000
__Ltext15                         text15       000000
__Ltext16                         text16       000000
__Ltext17                         text17       000000
__Ltext18                         text18       000000
__Ltext19                         text19       000000
__Ltext2                          text2        000000
__Ltext20                         text20       000000
__Ltext21                         text21       000000
__Ltext22                         text22       000000
__Ltext23                         text23       000000
__Ltext24                         text24       000000
__Ltext25                         text25       000000
__Ltext26                         text26       000000
__Ltext27                         text27       000000
__Ltext28                         text28       000000
__Ltext29                         text29       000000
__Ltext3                          text3        000000
__Ltext30                         text30       000000
__Ltext31                         text31       000000
__Ltext32                         text32       000000
__Ltext33                         text33       000000
__Ltext34                         text34       000000
__Ltext35                         text35       000000
__Ltext36                         text36       000000
__Ltext37                         text37       000000
__Ltext38                         text38       000000
__Ltext39                         text39       000000
__Ltext4                          text4        000000
__Ltext40                         text40       000000
__Ltext41                         text41       000000
__Ltext42                         text42       000000
__Ltext43                         text43       000000
__Ltext44                         text44       000000
__Ltext45                         text45       000000
__Ltext46                         text46       000000
__Ltext47                         text47       000000
__Ltext48                         text48       000000
__Ltext49                         text49       000000
__Ltext5                          text5        000000
__Ltext50                         text50       000000
__Ltext51                         text51       000000
__Ltext52                         text52       000000
__Ltext53                         text53       000000
__Ltext54                         text54       000000
__Ltext55                         text55       000000
__Ltext56                         text56       000000
__Ltext57                         text57       000000
__Ltext58                         text58       000000
__Ltext59                         text59       000000
__Ltext6                          text6        000000
__Ltext60                         text60       000000
__Ltext61                         text61       000000
__Ltext62                         text62       000000
__Ltext63                         text63       000000
__Ltext64                         text64       000000
__Ltext65                         text65       000000
__Ltext66                         text66       000000
__Ltext67                         text67       000000
__Ltext68                         text68       000000
__Ltext69                         text69       000000
__Ltext7                          text7        000000
__Ltext70                         text70       000000
__Ltext71                         text71       000000
__Ltext72                         text72       000000
__Ltext8                          text8        000000
__Ltext9                          text9        000000
__S0                              (abs)        010000
__S1                              (abs)        000500
__S4                              (abs)        000000
__S5                              (abs)        000000
___aodiv                          text47       005CB8
___aodiv@counter                  cstackCOMRAM 000011
___aodiv@dividend                 cstackCOMRAM 000001
___aodiv@divisor                  cstackCOMRAM 000009
___aodiv@quotient                 cstackCOMRAM 000013
___aodiv@sign                     cstackCOMRAM 000012
___aomod                          text46       005E40
___aomod@counter                  cstackCOMRAM 000011
___aomod@dividend                 cstackCOMRAM 000001
___aomod@divisor                  cstackCOMRAM 000009
___aomod@sign                     cstackCOMRAM 000012
___awdiv                          text62       006C9C
___awdiv@counter                  cstackCOMRAM 000005
___awdiv@dividend                 cstackCOMRAM 000001
___awdiv@divisor                  cstackCOMRAM 000003
___awdiv@quotient                 cstackCOMRAM 000007
___awdiv@sign                     cstackCOMRAM 000006
___awmod                          text61       006ED6
___awmod@counter                  cstackCOMRAM 000005
___awmod@dividend                 cstackCOMRAM 000001
___awmod@divisor                  cstackCOMRAM 000003
___awmod@sign                     cstackCOMRAM 000006
___fladd                          text70       002D66
___fladd@a                        cstackCOMRAM 00005A
___fladd@aexp                     cstackCOMRAM 000063
___fladd@b                        cstackCOMRAM 000056
___fladd@bexp                     cstackCOMRAM 000064
___fladd@grs                      cstackCOMRAM 000065
___fladd@signs                    cstackCOMRAM 000062
___fldiv                          text68       003EDC
___fldiv@a                        cstackCOMRAM 000028
___fldiv@aexp                     cstackCOMRAM 00003C
___fldiv@b                        cstackCOMRAM 000024
___fldiv@bexp                     cstackCOMRAM 00003B
___fldiv@grs                      cstackCOMRAM 000037
___fldiv@new_exp                  cstackCOMRAM 000035
___fldiv@rem                      cstackCOMRAM 000030
___fldiv@sign                     cstackCOMRAM 000034
___fleq                           text60       006F86
___fleq@ff1                       cstackCOMRAM 000001
___fleq@ff2                       cstackCOMRAM 000005
___flge                           text72       006638
___flge@ff1                       cstackBANK0  000084
___flge@ff2                       cstackBANK0  000088
___flmul                          text67       003AB2
___flmul@a                        cstackCOMRAM 000041
___flmul@aexp                     cstackCOMRAM 00004E
___flmul@b                        cstackCOMRAM 00003D
___flmul@bexp                     cstackCOMRAM 00004F
___flmul@grs                      cstackCOMRAM 00004A
___flmul@prod                     cstackCOMRAM 000050
___flmul@sign                     cstackCOMRAM 000049
___flmul@temp                     cstackCOMRAM 000054
___flneg                          text71       0077DE
___flneg@f1                       cstackCOMRAM 000001
___flsub                          text69       0076A8
___flsub@a                        cstackCOMRAM 000078
___flsub@b                        cstackCOMRAM 000074
___fltol                          text59       006532
___fltol@exp1                     cstackCOMRAM 00006F
___fltol@f1                       cstackCOMRAM 000066
___fltol@sign1                    cstackCOMRAM 00006E
___fpclassifyf                    text58       00673E
___fpclassifyf@F465               bssBANK1     000174
___fpclassifyf@e                  cstackCOMRAM 000009
___fpclassifyf@u                  cstackCOMRAM 00000B
___fpclassifyf@x                  cstackCOMRAM 000001
___heap_hi                        (abs)        000000
___heap_lo                        (abs)        000000
___inthi_sp                       stack        000000
___inthi_stack_hi                 stack        000000
___inthi_stack_lo                 stack        000000
___intlo_sp                       stack        000000
___intlo_stack_hi                 stack        000000
___intlo_stack_lo                 stack        000000
___lldiv                          text4        007030
___lldiv@counter                  cstackCOMRAM 00000D
___lldiv@dividend                 cstackCOMRAM 000001
___lldiv@divisor                  cstackCOMRAM 000005
___lldiv@quotient                 cstackCOMRAM 000009
___llmod                          text20       0071F6
___llmod@counter                  cstackCOMRAM 000015
___llmod@dividend                 cstackCOMRAM 00000D
___llmod@divisor                  cstackCOMRAM 000011
___lmul                           text13       0073E2
___lmul@multiplicand              cstackCOMRAM 000005
___lmul@multiplier                cstackCOMRAM 000001
___lmul@product                   cstackCOMRAM 000009
___lodiv                          text37       00693A
___lodiv@counter                  cstackCOMRAM 000019
___lodiv@dividend                 cstackCOMRAM 000001
___lodiv@divisor                  cstackCOMRAM 000009
___lodiv@quotient                 cstackCOMRAM 000011
___lomod                          text36       006B02
___lomod@counter                  cstackCOMRAM 000011
___lomod@dividend                 cstackCOMRAM 000001
___lomod@divisor                  cstackCOMRAM 000009
___param_bank                     (abs)        000000
___rparam_used                    (abs)        000001
___sp                             stack        000000
___stack_hi                       stack        000000
___stack_lo                       stack        000000
___wmul                           text40       00792C
___wmul@multiplicand              cstackCOMRAM 000003
___wmul@multiplier                cstackCOMRAM 000001
___wmul@product                   cstackCOMRAM 000005
___xxtofl                         text66       00560C
___xxtofl@arg                     cstackCOMRAM 000020
___xxtofl@exp                     cstackCOMRAM 00001F
___xxtofl@sign                    cstackCOMRAM 00001E
___xxtofl@val                     cstackCOMRAM 000016
__accesstop                       (abs)        000080
__activetblptr                    (abs)        000002
__end_of_AbsorptionCoefficentCalc text64       003680
__end_of_ConfigurationCheck       text10       0072F6
__end_of_DataPrinting             text28       004C56
__end_of_DetectorTest             text15       005CB8
__end_of_DeviceInitialization     text8        006532
__end_of_FormatForPrint           text7        0078AC
__end_of_GetTimerVal              text17       004504
__end_of_HeartRateCalc            text26       00543C
__end_of_LEDChangeState           text21       0075B8
__end_of_MinMaxValReset           text6        007166
__end_of_OSC_Init                 text25       0079CA
__end_of_OxygenSPO2Calc           text24       003AB2
__end_of_PrintNoData              text23       00798E
__end_of_Reset_MCLR               text14       0079BC
__end_of_ResistorAdjust           text12       00630A
__end_of_Setting                  text11       0060D6
__end_of_StartPrinting            text5        00792C
__end_of_TimerPeriodCheck         text22       005972
__end_of_UART1_Init               text3        007560
__end_of_UART1_Send               text63       00776E
__end_of_UART1_SendFormatted      text30       0077A6
__end_of_WaitPeriod               text18       006420
__end_of_WaitReleaseSW1           text16       007970
__end_of___aodiv                  text47       005E40
__end_of___aomod                  text46       005FA4
__end_of___awdiv                  text62       006D60
__end_of___awmod                  text61       006F86
__end_of___fladd                  text70       003226
__end_of___fldiv                  text68       004276
__end_of___fleq                   text60       007030
__end_of___flge                   text72       00673E
__end_of___flmul                  text67       003EDC
__end_of___flneg                  text71       007816
__end_of___flsub                  text69       0076EE
__end_of___fltol                  text59       006638
__end_of___fpclassifyf            text58       00683C
__end_of___lldiv                  text4        0070D4
__end_of___llmod                  text20       00727E
__end_of___lmul                   text13       00744C
__end_of___lodiv                  text37       006A2A
__end_of___lomod                  text36       006BD2
__end_of___wmul                   text40       007952
__end_of___xxtofl                 text66       0057C0
__end_of__initialization          cinit        0074FA
__end_of_abs                      text45       007880
__end_of_atoa                     text49       002D66
__end_of_ctoa                     text48       006B02
__end_of_dtoa                     text44       004792
__end_of_efgtoa                   text42       002096
__end_of_exp                      text65       00693A
__end_of_fabs                     text27       0076A8
__end_of_floorf                   text57       005094
__end_of_fputc                    text54       006C9C
__end_of_fputs                    text53       007732
__end_of_isr                      intcode_body 0078D8
__end_of_labs                     text43       00760E
__end_of_main                     text0        004E82
__end_of_memcpy                   text56       00765E
__end_of_micros                   text19       0073E2
__end_of_millis                   text29       00736E
__end_of_otoa                     text41       00560C
__end_of_pad                      text51       006ED6
__end_of_pinMode                  text9        0071F6
__end_of_putch                    text55       0079CC
__end_of_read_prec_or_width       text39       006E1C
__end_of_setup                    text2        007902
__end_of_setupTimer               text1        0079A6
__end_of_stoa                     text38       005B1C
__end_of_strcpy                   text50       0077DE
__end_of_strlen                   text52       00784C
__end_of_utoa                     text35       00526C
__end_of_vfpfcnvrt                text33       001282
__end_of_vfprintf                 text32       0074AE
__end_of_vsnprintf                text31       0061F2
__end_of_xtoa                     text34       0049FE
__initialization                  cinit        0074AE
__mediumconst                     mediumconst  00FD4E
__pbssBANK1                       bssBANK1     000100
__pbssBANK3                       bssBANK3     000300
__pbssBANK4                       bssBANK4     000400
__pcinit                          cinit        0074AE
__pcstackBANK0                    cstackBANK0  000080
__pcstackBANK1                    cstackBANK1  0001C0
__pcstackBANK2                    cstackBANK2  000200
__pcstackCOMRAM                   cstackCOMRAM 000001
__pdataBANK3                      dataBANK3    000370
__pidataBANK3                     idataBANK3   0079BC
__pintcode                        intcode      000008
__pintcode_body                   intcode_body 0078AC
__pmediumconst                    mediumconst  00FD4E
__ptext0                          text0        004C56
__ptext1                          text1        00798E
__ptext10                         text10       00727E
__ptext11                         text11       005FA4
__ptext12                         text12       0061F2
__ptext13                         text13       0073E2
__ptext14                         text14       0079A6
__ptext15                         text15       005B1C
__ptext16                         text16       007952
__ptext17                         text17       004276
__ptext18                         text18       00630A
__ptext19                         text19       00736E
__ptext2                          text2        0078D8
__ptext20                         text20       0071F6
__ptext21                         text21       007560
__ptext22                         text22       0057C0
__ptext23                         text23       007970
__ptext24                         text24       003680
__ptext25                         text25       0079C4
__ptext26                         text26       00526C
__ptext27                         text27       00765E
__ptext28                         text28       0049FE
__ptext29                         text29       0072F6
__ptext3                          text3        007508
__ptext30                         text30       00776E
__ptext31                         text31       0060D6
__ptext32                         text32       00744C
__ptext33                         text33       000012
__ptext34                         text34       004792
__ptext35                         text35       005094
__ptext36                         text36       006B02
__ptext37                         text37       00693A
__ptext38                         text38       005972
__ptext39                         text39       006D60
__ptext4                          text4        007030
__ptext40                         text40       00792C
__ptext41                         text41       00543C
__ptext42                         text42       001282
__ptext43                         text43       0075B8
__ptext44                         text44       004504
__ptext45                         text45       00784C
__ptext46                         text46       005E40
__ptext47                         text47       005CB8
__ptext48                         text48       006A2A
__ptext49                         text49       002096
__ptext5                          text5        007902
__ptext50                         text50       0077A6
__ptext51                         text51       006E1C
__ptext52                         text52       007816
__ptext53                         text53       0076EE
__ptext54                         text54       006BD2
__ptext55                         text55       0079CA
__ptext56                         text56       00760E
__ptext57                         text57       004E82
__ptext58                         text58       00673E
__ptext59                         text59       006532
__ptext6                          text6        0070D4
__ptext60                         text60       006F86
__ptext61                         text61       006ED6
__ptext62                         text62       006C9C
__ptext63                         text63       007732
__ptext64                         text64       003226
__ptext65                         text65       00683C
__ptext66                         text66       00560C
__ptext67                         text67       003AB2
__ptext68                         text68       003EDC
__ptext69                         text69       0076A8
__ptext7                          text7        007880
__ptext70                         text70       002D66
__ptext71                         text71       0077DE
__ptext72                         text72       006638
__ptext8                          text8        006420
__ptext9                          text9        007166
__ramtop                          ramtop       001000
__smallconst                      smallconst   000000
_abs                              text45       00784C
_atoa                             text49       002096
_atoa$1280                        cstackBANK0  00009B
_atoa$1288                        cstackBANK0  00009D
_atoa$1289                        cstackBANK0  00009F
_atoa$1290                        cstackBANK0  0000A1
_average_detTimer8                bssBANK1     000194
_beta_Average                     bssBANK1     000148
_beta_MinMax                      bssBANK1     000128
_count                            bssBANK1     0001A0
_ctoa                             text48       006A2A
_dbuf                             bssBANK3     000320
_detTimer                         bssBANK3     000300
_dtoa                             text44       004504
_dtoa$1303                        cstackCOMRAM 00002D
_efgtoa                           text42       001282
_efgtoa$1333                      cstackBANK0  000097
_efgtoa$1340                      cstackBANK0  000099
_efgtoa$1341                      cstackBANK0  00009B
_efgtoa$1342                      cstackBANK0  00009D
_errno                            bssBANK1     0001AE
_exp                              text65       00683C
_fabs                             text27       00765E
_flags                            bssBANK1     0001B0
_floorf                           text57       004E82
_fputc                            text54       006BD2
_fputs                            text53       0076EE
_isr                              intcode      000008
_labs                             text43       0075B8
_main                             text0        004C56
_main$186                         cstackBANK1  0001FD
_memcpy                           text56       00760E
_micros                           text19       00736E
_microseconds                     bssBANK1     000188
_millis                           text29       0072F6
_mode                             bssBANK1     0001B1
_nout                             bssBANK1     0001A8
_otoa                             text41       00543C
_pad                              text51       006E1C
_pinMode                          text9        007166
_prec                             bssBANK1     0001AC
_putch                            text55       0079CA
_read_prec_or_width               text39       006D60
_setup                            text2        0078D8
_setupTimer                       text1        00798E
_stoa                             text38       005972
_strcpy                           text50       0077A6
_strlen                           text52       007816
_timerOverflowCount               bssBANK1     00018C
_utoa                             text35       005094
_vfpfcnvrt                        text33       000012
_vfprintf                         text32       00744C
_vsnprintf                        text31       0060D6
_vsnprintf$1184                   cstackBANK1  0001C0
_width                            bssBANK1     0001AA
_xtoa                             text34       004792
_xtoa$1375                        cstackCOMRAM 00002E
abs@a                             cstackCOMRAM 000013
atoa@c                            cstackBANK0  000096
atoa@d                            cstackBANK0  0000BE
atoa@e                            cstackBANK0  0000AD
atoa@esign                        cstackBANK0  0000A3
atoa@f                            cstackBANK0  000092
atoa@fp                           cstackBANK0  000090
atoa@g                            cstackBANK0  0000B9
atoa@h                            cstackBANK0  0000AF
atoa@i                            cstackBANK0  0000C4
atoa@l                            cstackBANK0  0000B3
atoa@m                            cstackBANK0  0000A4
atoa@n                            cstackBANK0  0000C6
atoa@ne                           cstackBANK0  0000A6
atoa@ou                           cstackBANK0  000097
atoa@p                            cstackBANK0  0000A8
atoa@pp                           cstackBANK0  0000AA
atoa@sign                         cstackBANK0  0000BD
atoa@t                            cstackBANK0  0000AB
atoa@u                            cstackBANK0  0000C0
atoa@w                            cstackBANK0  0000B7
btemp                             temp         00007F
ctoa@c                            cstackCOMRAM 00000C
ctoa@fp                           cstackCOMRAM 00000A
ctoa@l                            cstackCOMRAM 00000E
ctoa@w                            cstackCOMRAM 000010
dtoa@d                            cstackCOMRAM 00001D
dtoa@fp                           cstackCOMRAM 00001B
dtoa@i                            cstackCOMRAM 000034
dtoa@p                            cstackCOMRAM 00002F
dtoa@s                            cstackCOMRAM 000033
dtoa@w                            cstackCOMRAM 000031
efgtoa@c                          cstackBANK0  000096
efgtoa@d                          cstackBANK0  0000A7
efgtoa@e                          cstackBANK0  0000C0
efgtoa@esign                      cstackBANK0  00009F
efgtoa@f                          cstackBANK0  000092
efgtoa@fp                         cstackBANK0  000090
efgtoa@g                          cstackBANK0  0000BC
efgtoa@h                          cstackBANK0  0000B3
efgtoa@i                          cstackBANK0  0000C2
efgtoa@l                          cstackBANK0  0000B7
efgtoa@m                          cstackBANK0  0000A5
efgtoa@mode                       cstackBANK0  0000AC
efgtoa@n                          cstackBANK0  0000C8
efgtoa@ne                         cstackBANK0  0000A3
efgtoa@nmode                      cstackBANK0  0000AB
efgtoa@ou                         cstackBANK0  0000AD
efgtoa@p                          cstackBANK0  0000A9
efgtoa@pp                         cstackBANK0  0000A2
efgtoa@sign                       cstackBANK0  0000BB
efgtoa@t                          cstackBANK0  0000A0
efgtoa@u                          cstackBANK0  0000C4
efgtoa@w                          cstackBANK0  0000B1
end_of_initialization             cinit        0074FA
exp@i                             cstackCOMRAM 000072
exp@result                        cstackCOMRAM 00006A
exp@term                          cstackCOMRAM 00006E
exp@x                             cstackCOMRAM 000066
fabs@num                          cstackBANK0  000080
floorf@F521                       bssBANK1     000170
floorf@e                          cstackCOMRAM 00004B
floorf@m                          cstackCOMRAM 000047
floorf@u                          cstackCOMRAM 00004D
floorf@x                          cstackCOMRAM 00003D
fputc@c                           cstackCOMRAM 000001
fputc@fp                          cstackCOMRAM 000003
fputs@c                           cstackCOMRAM 00000E
fputs@fp                          cstackCOMRAM 00000C
fputs@i                           cstackCOMRAM 00000F
fputs@s                           cstackCOMRAM 00000A
int$flags                         temp         00007F
int_func                          intcode_body 0078AC
intlevel0                         text         000000
intlevel1                         text         000000
intlevel2                         text         000000
intlevel3                         text         000000
isa$std                           (abs)        000001
isa$xinst                         (abs)        000000
labs@a                            cstackCOMRAM 000001
main@is_overflow_timer            cstackBANK1  0001FC
memcpy@d                          cstackCOMRAM 000008
memcpy@d1                         cstackCOMRAM 000001
memcpy@n                          cstackCOMRAM 000005
memcpy@s                          cstackCOMRAM 00000A
memcpy@s1                         cstackCOMRAM 000003
memcpy@tmp                        cstackCOMRAM 000007
micros@timerValue                 cstackCOMRAM 00000B
millis@milliseconds               cstackCOMRAM 00000C
millis@tmr1Val                    cstackCOMRAM 000010
otoa@d                            cstackCOMRAM 00001C
otoa@fp                           cstackCOMRAM 00001A
otoa@i                            cstackCOMRAM 000031
otoa@p                            cstackCOMRAM 00002C
otoa@t                            cstackCOMRAM 00002E
otoa@w                            cstackCOMRAM 00002F
pad@buf                           cstackCOMRAM 000013
pad@fp                            cstackCOMRAM 000011
pad@i                             cstackCOMRAM 000018
pad@p                             cstackCOMRAM 000015
pinMode@mask                      cstackCOMRAM 000005
pinMode@mode                      cstackCOMRAM 000001
pinMode@pin                       cstackCOMRAM 000004
read_prec_or_width@ap             cstackCOMRAM 000008
read_prec_or_width@c              cstackCOMRAM 00000B
read_prec_or_width@fmt            cstackCOMRAM 000007
read_prec_or_width@n              cstackCOMRAM 00000C
stackhi                           (abs)        000000
stacklo                           (abs)        000000
start                             init         00000E
start_initialization              cinit        0074AE
stoa@cp                           cstackCOMRAM 000014
stoa@fp                           cstackCOMRAM 00000A
stoa@l                            cstackCOMRAM 000016
stoa@p                            cstackCOMRAM 000010
stoa@s                            cstackCOMRAM 00000C
stoa@w                            cstackCOMRAM 000012
strcpy@d                          cstackCOMRAM 000005
strcpy@dest                       cstackCOMRAM 000001
strcpy@src                        cstackCOMRAM 000003
strlen@a                          cstackCOMRAM 000003
strlen@s                          cstackCOMRAM 000001
ttemp5                            temp         000080
ttemp6                            temp         000083
ttemp7                            temp         000087
utoa@d                            cstackCOMRAM 00001C
utoa@fp                           cstackCOMRAM 00001A
utoa@i                            cstackCOMRAM 000030
utoa@p                            cstackCOMRAM 00002C
utoa@w                            cstackCOMRAM 00002E
vfpfcnvrt@ap                      cstackBANK0  0000CD
vfpfcnvrt@c                       cstackBANK0  0000DD
vfpfcnvrt@convarg                 cstackBANK0  0000DE
vfpfcnvrt@cp                      cstackBANK0  0000E6
vfpfcnvrt@done                    cstackBANK0  0000DC
vfpfcnvrt@fmt                     cstackBANK0  0000CC
vfpfcnvrt@fp                      cstackBANK0  0000CA
vfprintf@ap                       cstackBANK0  0000EC
vfprintf@cfmt                     cstackBANK0  0000ED
vfprintf@fmt                      cstackBANK0  0000EA
vfprintf@fp                       cstackBANK0  0000E8
vsnprintf@ap                      cstackBANK0  0000F5
vsnprintf@cnt                     cstackBANK1  0001C2
vsnprintf@f                       cstackBANK1  0001C4
vsnprintf@fmt                     cstackBANK0  0000F3
vsnprintf@n                       cstackBANK0  0000F1
vsnprintf@s                       cstackBANK0  0000EF
wtemp8                            temp         000080
xtoa@a                            cstackCOMRAM 00002D
xtoa@c                            cstackCOMRAM 000035
xtoa@d                            cstackCOMRAM 00001C
xtoa@d_nonzero                    cstackCOMRAM 000032
xtoa@fp                           cstackCOMRAM 00001A
xtoa@i                            cstackCOMRAM 000036
xtoa@p                            cstackCOMRAM 000030
xtoa@w                            cstackCOMRAM 000033
xtoa@x                            cstackCOMRAM 000024


MODULE INFORMATION

Module		Function		Class		Link	Load	Size
C:\Program Files\Microchip\xc8\v2.45\pic\sources\c99\common\Umul16.c
		___wmul        		CODE           	792C	0000	38

C:\Program Files\Microchip\xc8\v2.45\pic\sources\c99\common\Umul16.c estimated size: 38

C:\Program Files\Microchip\xc8\v2.45\pic\sources\c99\common\fleq.c
		___fleq        		CODE           	6F86	0000	170

C:\Program Files\Microchip\xc8\v2.45\pic\sources\c99\common\fleq.c estimated size: 170

C:\Program Files\Microchip\xc8\v2.45\pic\sources\c99\common\memcpy.c
		_memcpy        		CODE           	760E	0000	80

C:\Program Files\Microchip\xc8\v2.45\pic\sources\c99\common\memcpy.c estimated size: 80

C:\Program Files\Microchip\xc8\v2.45\pic\sources\c99\common\flneg.c
		___flneg       		CODE           	77DE	0000	56

C:\Program Files\Microchip\xc8\v2.45\pic\sources\c99\common\flneg.c estimated size: 56

functions.c
		_HeartRateCalc 		CODE           	526C	0000	464
		_DetectorTest  		CODE           	5B1C	0000	412
		_millis        		CODE           	72F6	0000	120
		_ConfigurationCheck		CODE           	727E	0000	120
		_OxygenSPO2Calc		CODE           	3680	0000	1074
		_micros        		CODE           	736E	0000	116
		_UART1_SendFormatted		CODE           	776E	0000	56
		_LEDChangeState		CODE           	7560	0000	88
		_GetTimerVal   		CODE           	4276	0000	654
		_TimerPeriodCheck		CODE           	57C0	0000	434
		_fabs          		CODE           	765E	0000	74
		_UART1_Send    		CODE           	7732	0000	60
		_Reset_MCLR    		CODE           	79A6	0000	22
		_OSC_Init      		CODE           	79C4	0000	6
		_ResistorAdjust		CODE           	61F2	0000	280
		_StartPrinting 		CODE           	7902	0000	42
		_UART1_Init    		CODE           	7508	0000	88
		_DataPrinting  		CODE           	49FE	0000	600
		_FormatForPrint		CODE           	7880	0000	44
		_WaitPeriod    		CODE           	630A	0000	278
		_PrintNoData   		CODE           	7970	0000	30
		_exp           		CODE           	683C	0000	254
		_AbsorptionCoefficentCalc		CODE           	3226	0000	1114
		_isr           		CODE           	0008	0000	50
		_setup         		CODE           	78D8	0000	42
		_Setting       		CODE           	5FA4	0000	306
		_pinMode       		CODE           	7166	0000	144
		_WaitReleaseSW1		CODE           	7952	0000	30
		_MinMaxValReset		CODE           	70D4	0000	146
		_DeviceInitialization		CODE           	6420	0000	274
		_setupTimer    		CODE           	798E	0000	24

functions.c estimated size: 7446

C:\Program Files\Microchip\xc8\v2.45\pic\sources\c99\common\Umul32.c
		___lmul        		CODE           	73E2	0000	106

C:\Program Files\Microchip\xc8\v2.45\pic\sources\c99\common\Umul32.c estimated size: 106

C:\Program Files\Microchip\xc8\v2.45\pic\sources\c99\common\sprcmul.c
		___flmul       		CODE           	3AB2	0000	1066

C:\Program Files\Microchip\xc8\v2.45\pic\sources\c99\common\sprcmul.c estimated size: 1066

C:\Program Files\Microchip\xc8\v2.45\pic\sources\c99\common\lomod.c
		___lomod       		CODE           	6B02	0000	208

C:\Program Files\Microchip\xc8\v2.45\pic\sources\c99\common\lomod.c estimated size: 208

C:\Program Files\Microchip\xc8\v2.45\pic\sources\c99\common\aomod.c
		___aomod       		CODE           	5E40	0000	356

C:\Program Files\Microchip\xc8\v2.45\pic\sources\c99\common\aomod.c estimated size: 356

C:\Program Files\Microchip\xc8\v2.45\pic\sources\c99\common\labs.c
		_labs          		CODE           	75B8	0000	86

C:\Program Files\Microchip\xc8\v2.45\pic\sources\c99\common\labs.c estimated size: 86

C:\Program Files\Microchip\xc8\v2.45\pic\sources\c99\common\nf_fputs.c
		_fputs         		CODE           	76EE	0000	68

C:\Program Files\Microchip\xc8\v2.45\pic\sources\c99\common\nf_fputs.c estimated size: 68

C:\Program Files\Microchip\xc8\v2.45\pic\sources\c99\common\sprcdiv.c
		___fldiv       		CODE           	3EDC	0000	922

C:\Program Files\Microchip\xc8\v2.45\pic\sources\c99\common\sprcdiv.c estimated size: 922

C:\Program Files\Microchip\xc8\v2.45\pic\sources\c99\common\floorf.c
		_floorf        		CODE           	4E82	0000	530

C:\Program Files\Microchip\xc8\v2.45\pic\sources\c99\common\floorf.c estimated size: 530

C:\Program Files\Microchip\xc8\v2.45\pic\sources\c99\common\awmod.c
		___awmod       		CODE           	6ED6	0000	176

C:\Program Files\Microchip\xc8\v2.45\pic\sources\c99\common\awmod.c estimated size: 176

C:\Program Files\Microchip\xc8\v2.45\pic\sources\c99\common\putch.c
		_putch         		CODE           	79CA	0000	2

C:\Program Files\Microchip\xc8\v2.45\pic\sources\c99\common\putch.c estimated size: 2

C:\Program Files\Microchip\xc8\v2.45\pic\sources\c99\common\flge.c
		___flge        		CODE           	6638	0000	262

C:\Program Files\Microchip\xc8\v2.45\pic\sources\c99\common\flge.c estimated size: 262

shared
		__initialization		CODE           	74AE	0000	76

shared estimated size: 76

C:\Program Files\Microchip\xc8\v2.45\pic\sources\c99\common\llmod.c
		___llmod       		CODE           	71F6	0000	136

C:\Program Files\Microchip\xc8\v2.45\pic\sources\c99\common\llmod.c estimated size: 136

C:\Program Files\Microchip\xc8\v2.45\pic\sources\c99\common\xxtofl.c
		___xxtofl      		CODE           	560C	0000	436

C:\Program Files\Microchip\xc8\v2.45\pic\sources\c99\common\xxtofl.c estimated size: 436

C:\Program Files\Microchip\xc8\v2.45\pic\sources\c99\common\abs.c
		_abs           		CODE           	784C	0000	52

C:\Program Files\Microchip\xc8\v2.45\pic\sources\c99\common\abs.c estimated size: 52

C:\Program Files\Microchip\xc8\v2.45\pic\sources\c99\common\__fpclassifyf.c
		___fpclassifyf 		CODE           	673E	0000	254

C:\Program Files\Microchip\xc8\v2.45\pic\sources\c99\common\__fpclassifyf.c estimated size: 254

C:\Program Files\Microchip\xc8\v2.45\pic\sources\c99\common\__lldiv.c
		___lldiv       		CODE           	7030	0000	164

C:\Program Files\Microchip\xc8\v2.45\pic\sources\c99\common\__lldiv.c estimated size: 164

C:\Program Files\Microchip\xc8\v2.45\pic\sources\c99\common\strlen.c
		_strlen        		CODE           	7816	0000	54

C:\Program Files\Microchip\xc8\v2.45\pic\sources\c99\common\strlen.c estimated size: 54

C:\Program Files\Microchip\xc8\v2.45\pic\sources\c99\common\strcpy.c
		_strcpy        		CODE           	77A6	0000	56

C:\Program Files\Microchip\xc8\v2.45\pic\sources\c99\common\strcpy.c estimated size: 56

C:\Program Files\Microchip\xc8\v2.45\pic\sources\c99\common\lodiv.c
		___lodiv       		CODE           	693A	0000	240

C:\Program Files\Microchip\xc8\v2.45\pic\sources\c99\common\lodiv.c estimated size: 240

C:\Program Files\Microchip\xc8\v2.45\pic\sources\c99\common\aodiv.c
		___aodiv       		CODE           	5CB8	0000	392

C:\Program Files\Microchip\xc8\v2.45\pic\sources\c99\common\aodiv.c estimated size: 392

C:\Program Files\Microchip\xc8\v2.45\pic\sources\c99\common\sprcadd.c
		___flsub       		CODE           	76A8	0000	70
		___fladd       		CODE           	2D66	0000	1216

C:\Program Files\Microchip\xc8\v2.45\pic\sources\c99\common\sprcadd.c estimated size: 1286

main.c
		_main          		CODE           	4C56	0000	556

main.c estimated size: 556

C:\Program Files\Microchip\xc8\v2.45\pic\sources\c99\common\nf_fputc.c
		_fputc         		CODE           	6BD2	0000	202

C:\Program Files\Microchip\xc8\v2.45\pic\sources\c99\common\nf_fputc.c estimated size: 202

C:\Program Files\Microchip\xc8\v2.45\pic\sources\c99\common\doprnt.c
		_read_prec_or_width		CODE           	6D60	0000	188
		_vfpfcnvrt     		CODE           	0012	0000	4720
		_efgtoa        		CODE           	1282	0000	3604
		_pad           		CODE           	6E1C	0000	186
		_atoa          		CODE           	2096	0000	3280
		_ctoa          		CODE           	6A2A	0000	216
		_dtoa          		CODE           	4504	0000	654
		_vfprintf      		CODE           	744C	0000	98
		_otoa          		CODE           	543C	0000	464
		_stoa          		CODE           	5972	0000	426
		_utoa          		CODE           	5094	0000	472
		_xtoa          		CODE           	4792	0000	620

C:\Program Files\Microchip\xc8\v2.45\pic\sources\c99\common\doprnt.c estimated size: 14928

C:\Program Files\Microchip\xc8\v2.45\pic\sources\c99\common\awdiv.c
		___awdiv       		CODE           	6C9C	0000	196

C:\Program Files\Microchip\xc8\v2.45\pic\sources\c99\common\awdiv.c estimated size: 196

C:\Program Files\Microchip\xc8\v2.45\pic\sources\c99\common\nf_vsnprintf.c
		_vsnprintf     		CODE           	60D6	0000	284

C:\Program Files\Microchip\xc8\v2.45\pic\sources\c99\common\nf_vsnprintf.c estimated size: 284

C:\Program Files\Microchip\xc8\v2.45\pic\sources\c99\common\fltol.c
		___fltol       		CODE           	6532	0000	262

C:\Program Files\Microchip\xc8\v2.45\pic\sources\c99\common\fltol.c estimated size: 262

